// Jest Snapshot v1, https://goo.gl/fbAQLP

exports[`Screen Component renders correctly 1`] = `
<View
  style={
    Object {
      "backgroundColor": "#F9BC62",
      "bottom": 0,
      "left": 0,
      "minHeight": 80,
      "paddingBottom": 24,
      "position": "absolute",
      "width": "100%",
    }
  }
>
  <View
    style={
      Object {
        "backgroundColor": "#FAFAFA",
        "height": 58,
        "position": "absolute",
        "top": 0,
        "width": "100%",
      }
    }
  />
  <View
    style={
      Object {
        "alignItems": "center",
        "backgroundColor": "transparent",
        "flex": 1,
        "flexDirection": "row",
        "height": 116,
        "justifyContent": "center",
      }
    }
  >
    <View
      style={
        Array [
          Object {
            "height": 116,
            "marginHorizontal": 16,
            "width": 116,
          },
          Object {
            "height": 66,
            "width": 66,
          },
        ]
      }
    >
      <View
        style={
          Array [
            Object {
              "backgroundColor": "rgba(255,255,255,0.25)",
              "borderRadius": 100,
              "height": 116,
              "paddingLeft": 8,
              "paddingTop": 8,
              "position": "absolute",
              "width": 116,
            },
            Object {
              "height": 66,
              "width": 66,
            },
          ]
        }
      >
        <View
          style={
            Array [
              Object {
                "backgroundColor": "white",
                "borderRadius": 100,
                "height": 100,
                "position": "relative",
                "width": 100,
              },
              Object {
                "height": 50,
                "position": "relative",
                "width": 50,
              },
            ]
          }
        >
          <Icon
            allowFontScaling={false}
            color="#516173"
            name="heart"
            size={24}
            style={
              Array [
                Object {
                  "backgroundColor": "transparent",
                  "marginTop": 31,
                  "textAlign": "center",
                  "width": "100%",
                },
                Object {
                  "marginTop": 14,
                },
              ]
            }
          />
        </View>
      </View>
    </View>
    <View
      style={
        Object {
          "height": 116,
          "marginHorizontal": 16,
          "width": 116,
        }
      }
    >
      <View
        style={
          Object {
            "backgroundColor": "rgba(255,255,255,0.25)",
            "borderRadius": 100,
            "height": 116,
            "paddingLeft": 8,
            "paddingTop": 8,
            "position": "absolute",
            "width": 116,
          }
        }
      >
        <View
          style={
            Object {
              "backgroundColor": "white",
              "borderRadius": 100,
              "height": 100,
              "position": "relative",
              "width": 100,
            }
          }
        >
          <Icon
            allowFontScaling={false}
            color="#516173"
            name="home"
            size={38}
            style={
              Object {
                "backgroundColor": "transparent",
                "marginTop": 31,
                "textAlign": "center",
                "width": "100%",
              }
            }
          />
        </View>
      </View>
    </View>
    <View
      style={
        Array [
          Object {
            "height": 116,
            "marginHorizontal": 16,
            "width": 116,
          },
          Object {
            "height": 66,
            "width": 66,
          },
        ]
      }
    >
      <View
        style={
          Array [
            Object {
              "backgroundColor": "rgba(255,255,255,0.25)",
              "borderRadius": 100,
              "height": 116,
              "paddingLeft": 8,
              "paddingTop": 8,
              "position": "absolute",
              "width": 116,
            },
            Object {
              "height": 66,
              "width": 66,
            },
          ]
        }
      >
        <View
          style={
            Array [
              Object {
                "backgroundColor": "white",
                "borderRadius": 100,
                "height": 100,
                "position": "relative",
                "width": 100,
              },
              Object {
                "height": 50,
                "position": "relative",
                "width": 50,
              },
            ]
          }
        >
          <Icon
            allowFontScaling={false}
            color="#516173"
            name="dots-horizontal"
            size={32}
            style={
              Array [
                Object {
                  "backgroundColor": "transparent",
                  "marginTop": 31,
                  "textAlign": "center",
                  "width": "100%",
                },
                Object {
                  "marginTop": 10,
                },
              ]
            }
          />
        </View>
      </View>
    </View>
  </View>
</View>
`;
